[2026-09-24 17:51:01] [INFO]: MongoDB Connected: localhost
[2026-09-24 17:51:01] [INFO]: MongoDB connection initialized
[2026-09-24 17:51:01] [INFO]: Server is running on port 5000
[2026-09-24 17:51:01] [INFO]: MongoDB Connected: localhost
[2026-09-24 17:51:01] [INFO]: MongoDB connection initialized
[2026-09-24 17:51:01] [INFO]: Server is running on port 5000
[2026-09-24 17:51:15] [INFO]: MongoDB Connected: localhost
[2026-09-24 17:51:15] [INFO]: MongoDB connection initialized
[2026-09-24 17:51:15] [INFO]: Server is running on port 5000
[2026-09-24 17:51:15] [INFO]: MongoDB Connected: localhost
[2026-09-24 17:51:15] [INFO]: MongoDB connection initialized
[2026-09-24 17:51:15] [INFO]: Server is running on port 5000
[2026-09-24 17:53:16] [INFO]: GET /api/projects
[2026-09-24 17:53:16] [INFO]: GET /api/projects
[2026-09-24 17:53:28] [INFO]: GET /api/projects
[2026-09-24 17:53:28] [INFO]: GET /api/projects
[2026-09-24 17:53:30] [INFO]: GET /api/assets
[2026-09-24 17:53:30] [INFO]: GET /api/assets
[2026-09-24 17:53:32] [INFO]: GET /api/evidence
[2026-09-24 17:53:32] [INFO]: GET /api/evidence
[2026-09-24 17:53:33] [INFO]: GET /api/assets
[2026-09-24 17:53:33] [INFO]: GET /api/assets
[2026-09-24 17:53:37] [INFO]: GET /api/reports
[2026-09-24 17:53:37] [INFO]: GET /api/projects
[2026-09-24 17:53:37] [INFO]: GET /api/evidence
[2026-09-24 17:53:37] [INFO]: GET /api/reports
[2026-09-24 17:53:37] [INFO]: GET /api/projects
[2026-09-24 17:53:37] [INFO]: GET /api/evidence
[2026-09-24 17:54:53] [INFO]: GET /api/assets
[2026-09-24 17:54:53] [INFO]: GET /api/assets
[2026-09-24 17:54:59] [INFO]: GET /api/projects
[2026-09-24 17:54:59] [INFO]: GET /api/projects
[2026-09-24 17:55:42] [INFO]: GET /api/projects
[2026-09-24 17:55:42] [INFO]: GET /api/projects
[2026-09-24 17:55:50] [INFO]: GET /api/assets
[2026-09-24 17:55:50] [INFO]: GET /api/assets
[2026-09-24 17:55:53] [INFO]: GET /api/evidence
[2026-09-24 17:55:53] [INFO]: GET /api/evidence
[2026-09-24 17:55:55] [INFO]: GET /api/assets
[2026-09-24 17:55:55] [INFO]: GET /api/assets
[2026-09-24 17:55:56] [INFO]: GET /api/reports
[2026-09-24 17:55:56] [INFO]: GET /api/projects
[2026-09-24 17:55:56] [INFO]: GET /api/evidence
[2026-09-24 17:55:57] [INFO]: GET /api/reports
[2026-09-24 17:55:57] [INFO]: GET /api/projects
[2026-09-24 17:55:57] [INFO]: GET /api/evidence
[2026-09-24 17:56:08] [INFO]: GET /api/projects
[2026-09-24 17:56:08] [INFO]: GET /api/projects
[2026-09-24 17:56:32] [INFO]: GET /api/projects
[2026-09-24 17:56:32] [INFO]: GET /api/projects
[2026-09-24 17:56:36] [INFO]: GET /api/assets
[2026-09-24 17:56:36] [INFO]: GET /api/assets
[2026-09-24 17:56:56] [INFO]: GET /api/evidence
[2026-09-24 17:56:56] [INFO]: GET /api/evidence
[2026-09-24 17:56:57] [INFO]: GET /api/assets
[2026-09-24 17:56:57] [INFO]: GET /api/assets
[2026-09-24 17:57:06] [INFO]: GET /api/reports
[2026-09-24 17:57:06] [INFO]: GET /api/projects
[2026-09-24 17:57:06] [INFO]: GET /api/evidence
[2026-09-24 17:57:06] [INFO]: GET /api/reports
[2026-09-24 17:57:06] [INFO]: GET /api/projects
[2026-09-24 17:57:06] [INFO]: GET /api/evidence
[2026-09-24 17:57:28] [INFO]: GET /api/reports
[2026-09-24 17:57:28] [INFO]: GET /api/projects
[2026-09-24 17:57:28] [INFO]: GET /api/evidence
[2026-09-24 17:57:28] [INFO]: GET /api/reports
[2026-09-24 17:57:28] [INFO]: GET /api/projects
[2026-09-24 17:57:29] [INFO]: GET /api/evidence
[2026-09-24 17:57:32] [INFO]: GET /api/projects
[2026-09-24 17:57:32] [INFO]: GET /api/projects
[2026-09-24 17:57:39] [INFO]: GET /api/projects
[2026-09-24 17:57:39] [INFO]: GET /api/projects
[2026-09-24 17:57:47] [INFO]: GET /api/assets
[2026-09-24 17:57:48] [INFO]: GET /api/assets
[2026-09-24 17:57:59] [INFO]: GET /api/evidence
[2026-09-24 17:57:59] [INFO]: GET /api/evidence
[2026-09-24 17:58:02] [INFO]: GET /api/assets
[2026-09-24 17:58:02] [INFO]: GET /api/assets
[2026-09-24 17:58:05] [INFO]: GET /api/reports
[2026-09-24 17:58:05] [INFO]: GET /api/projects
[2026-09-24 17:58:05] [INFO]: GET /api/evidence
[2026-09-24 17:58:05] [INFO]: GET /api/reports
[2026-09-24 17:58:05] [INFO]: GET /api/projects
[2026-09-24 17:58:05] [INFO]: GET /api/evidence
[2026-09-24 17:58:11] [INFO]: GET /api/projects
[2026-09-24 17:58:12] [INFO]: GET /api/projects
[2026-09-24 17:59:44] [INFO]: MongoDB Connected: localhost
[2026-09-24 17:59:44] [INFO]: MongoDB connection initialized
[2026-09-24 17:59:44] [INFO]: Server is running on port 5000
[2026-09-24 18:00:05] [INFO]: GET /api/projects
[2026-09-24 18:00:05] [INFO]: GET /api/projects
[2026-09-24 18:00:26] [INFO]: GET /api/assets
[2026-09-24 18:00:26] [INFO]: GET /api/assets
[2026-09-24 18:00:39] [INFO]: GET /api/evidence
[2026-09-24 18:00:39] [INFO]: GET /api/evidence
[2026-09-24 18:00:40] [INFO]: GET /api/assets
[2026-09-24 18:00:40] [INFO]: GET /api/assets
[2026-09-24 18:00:43] [INFO]: GET /api/reports
[2026-09-24 18:00:43] [INFO]: GET /api/projects
[2026-09-24 18:00:43] [INFO]: GET /api/evidence
[2026-09-24 18:00:43] [INFO]: GET /api/reports
[2026-09-24 18:00:43] [INFO]: GET /api/projects
[2026-09-24 18:00:43] [INFO]: GET /api/evidence
[2026-09-24 18:01:04] [INFO]: GET /api/assets
[2026-09-24 18:01:04] [INFO]: GET /api/assets
[2026-09-24 18:01:06] [INFO]: GET /api/evidence
[2026-09-24 18:01:06] [INFO]: GET /api/evidence
[2026-09-24 18:01:16] [INFO]: GET /api/assets
[2026-09-24 18:01:17] [INFO]: GET /api/assets
[2026-09-24 18:01:18] [INFO]: GET /api/projects
[2026-09-24 18:01:18] [INFO]: GET /api/projects
[2026-09-24 18:01:21] [INFO]: GET /api/projects
[2026-09-24 18:01:21] [INFO]: GET /api/projects
[2026-09-24 18:02:16] [INFO]: GET /api/projects
[2026-09-24 18:02:16] [INFO]: GET /api/projects
[2026-09-24 18:02:18] [INFO]: GET /api/projects
[2026-09-24 18:02:18] [INFO]: GET /api/projects
[2026-09-24 18:03:38] [INFO]: GET /api/projects
[2026-09-24 18:03:38] [INFO]: GET /api/projects
[2026-09-24 18:03:40] [INFO]: GET /api/projects
[2026-09-24 18:03:40] [INFO]: GET /api/projects
[2026-09-24 18:03:41] [INFO]: GET /api/projects
[2026-09-24 18:03:41] [INFO]: GET /api/projects
[2026-09-24 18:03:42] [INFO]: GET /api/projects
[2026-09-24 18:03:42] [INFO]: GET /api/projects
[2026-09-24 18:03:43] [INFO]: GET /api/projects
[2026-09-24 18:03:43] [INFO]: GET /api/projects
[2026-09-24 18:03:44] [INFO]: GET /api/projects
[2026-09-24 18:03:44] [INFO]: GET /api/projects
[2026-09-24 18:03:57] [INFO]: GET /api/projects/6ab506c025f9eeaa46b02be8
[2026-09-24 18:03:57] [INFO]: GET /api/assets?projectId=6ab506c025f9eeaa46b02be8
[2026-09-24 18:03:57] [INFO]: GET /api/projects/6ab506c025f9eeaa46b02be8
[2026-09-24 18:03:57] [INFO]: GET /api/assets?projectId=6ab506c025f9eeaa46b02be8
[2026-09-24 18:04:00] [INFO]: GET /api/projects
[2026-09-24 18:04:00] [INFO]: GET /api/projects
[2026-09-24 18:06:06] [INFO]: GET /api/projects
[2026-09-24 18:06:06] [INFO]: GET /api/projects
[2026-09-24 18:06:08] [INFO]: GET /api/assets
[2026-09-24 18:06:08] [INFO]: GET /api/assets
[2026-09-24 18:08:26] [INFO]: GET /api/evidence
[2026-09-24 18:08:26] [INFO]: GET /api/evidence
[2026-09-24 18:08:33] [INFO]: GET /api/assets
[2026-09-24 18:08:33] [INFO]: GET /api/assets
[2026-09-24 18:08:43] [INFO]: GET /api/reports
[2026-09-24 18:08:43] [INFO]: GET /api/projects
[2026-09-24 18:08:43] [INFO]: GET /api/evidence
[2026-09-24 18:08:43] [INFO]: GET /api/reports
[2026-09-24 18:08:43] [INFO]: GET /api/projects
[2026-09-24 18:08:43] [INFO]: GET /api/evidence
[2026-09-24 18:08:47] [INFO]: GET /api/assets
[2026-09-24 18:08:47] [INFO]: GET /api/assets
[2026-09-24 18:08:47] [INFO]: GET /api/reports
[2026-09-24 18:08:47] [INFO]: GET /api/projects
[2026-09-24 18:08:47] [INFO]: GET /api/evidence
[2026-09-24 18:08:47] [INFO]: GET /api/reports
[2026-09-24 18:08:47] [INFO]: GET /api/projects
[2026-09-24 18:08:47] [INFO]: GET /api/evidence
[2026-09-24 18:09:23] [INFO]: GET /api/projects
[2026-09-24 18:09:23] [INFO]: GET /api/projects
[2026-09-24 18:10:30] [INFO]: MongoDB Connected: localhost
[2026-09-24 18:10:30] [INFO]: MongoDB connection initialized
[2026-09-24 18:10:30] [INFO]: Server is running on port 5000
[2026-09-24 18:11:52] [INFO]: POST /api/projects
[2026-09-24 18:11:57] [INFO]: GET /api/projects/6ab51a901eb38d253825b02a
[2026-09-24 18:11:57] [INFO]: GET /api/assets?projectId=6ab51a901eb38d253825b02a
[2026-09-24 18:11:57] [INFO]: GET /api/projects/6ab51a901eb38d253825b02a
[2026-09-24 18:11:57] [INFO]: GET /api/assets?projectId=6ab51a901eb38d253825b02a
[2026-09-24 18:12:05] [INFO]: GET /api/projects
[2026-09-24 18:12:05] [INFO]: GET /api/reports
[2026-09-24 18:12:05] [INFO]: GET /api/evidence
[2026-09-24 18:12:05] [INFO]: GET /api/projects
[2026-09-24 18:12:05] [INFO]: GET /api/reports
[2026-09-24 18:12:05] [INFO]: GET /api/evidence
[2026-09-24 18:12:10] [INFO]: GET /api/assets
[2026-09-24 18:12:10] [INFO]: GET /api/assets
[2026-09-24 18:12:16] [INFO]: GET /api/evidence
[2026-09-24 18:12:16] [INFO]: GET /api/evidence
[2026-09-24 18:15:05] [INFO]: GET /api/projects
[2026-09-24 18:15:06] [INFO]: GET /api/projects
[2026-09-24 18:15:12] [INFO]: GET /api/projects/6ab51a901eb38d253825b02a
[2026-09-24 18:15:12] [INFO]: GET /api/assets?projectId=6ab51a901eb38d253825b02a
[2026-09-24 18:15:12] [INFO]: GET /api/assets?projectId=6ab51a901eb38d253825b02a
[2026-09-24 18:15:12] [INFO]: GET /api/projects/6ab51a901eb38d253825b02a
[2026-09-24 18:16:27] [INFO]: GET /api/projects
[2026-09-24 18:16:27] [INFO]: GET /api/projects
[2026-09-24 18:16:32] [INFO]: GET /api/projects/6ab51a901eb38d253825b02a
[2026-09-24 18:16:32] [INFO]: GET /api/assets?projectId=6ab51a901eb38d253825b02a
[2026-09-24 18:16:32] [INFO]: GET /api/projects/6ab51a901eb38d253825b02a
[2026-09-24 18:16:32] [INFO]: GET /api/assets?projectId=6ab51a901eb38d253825b02a
[2026-09-24 18:16:37] [INFO]: GET /api/assets
[2026-09-24 18:16:37] [INFO]: GET /api/assets
[2026-09-24 18:16:40] [INFO]: GET /api/evidence
[2026-09-24 18:16:40] [INFO]: GET /api/evidence
[2026-09-24 18:16:41] [INFO]: GET /api/assets
[2026-09-24 18:16:41] [INFO]: GET /api/assets
[2026-09-24 18:16:43] [INFO]: GET /api/projects
[2026-09-24 18:16:43] [INFO]: GET /api/projects
[2026-09-24 18:25:42] [INFO]: GET /api/projects/6ab51a901eb38d253825b02a
[2026-09-24 18:25:42] [INFO]: GET /api/assets?projectId=6ab51a901eb38d253825b02a
[2026-09-24 18:25:42] [INFO]: GET /api/projects/6ab51a901eb38d253825b02a
[2026-09-24 18:25:42] [INFO]: GET /api/assets?projectId=6ab51a901eb38d253825b02a
[2026-09-24 18:25:45] [INFO]: GET /api/projects
[2026-09-24 18:25:45] [INFO]: GET /api/projects
[2026-09-24 18:25:46] [INFO]: GET /api/projects/6ab51a901eb38d253825b02a
[2026-09-24 18:25:46] [INFO]: GET /api/assets?projectId=6ab51a901eb38d253825b02a
[2026-09-24 18:25:46] [INFO]: GET /api/projects/6ab51a901eb38d253825b02a
[2026-09-24 18:25:46] [INFO]: GET /api/assets?projectId=6ab51a901eb38d253825b02a
[2026-09-24 18:25:48] [INFO]: GET /api/assets
[2026-09-24 18:25:48] [INFO]: GET /api/assets
[2026-09-24 18:25:49] [INFO]: GET /api/projects
[2026-09-24 18:25:49] [INFO]: GET /api/projects
[2026-09-24 18:25:50] [INFO]: GET /api/projects/6ab51a901eb38d253825b02a
[2026-09-24 18:25:50] [INFO]: GET /api/assets?projectId=6ab51a901eb38d253825b02a
[2026-09-24 18:25:50] [INFO]: GET /api/projects/6ab51a901eb38d253825b02a
[2026-09-24 18:25:50] [INFO]: GET /api/assets?projectId=6ab51a901eb38d253825b02a
[2026-09-24 18:25:53] [INFO]: GET /api/projects
[2026-09-24 18:25:53] [INFO]: GET /api/projects
[2026-09-24 18:25:54] [INFO]: GET /api/projects
[2026-09-24 18:25:54] [INFO]: GET /api/projects
[2026-09-24 18:25:56] [INFO]: GET /api/projects/6ab51a901eb38d253825b02a
[2026-09-24 18:25:56] [INFO]: GET /api/assets?projectId=6ab51a901eb38d253825b02a
[2026-09-24 18:25:56] [INFO]: GET /api/projects/6ab51a901eb38d253825b02a
[2026-09-24 18:25:56] [INFO]: GET /api/assets?projectId=6ab51a901eb38d253825b02a
[2026-09-24 18:25:57] [INFO]: GET /api/projects
[2026-09-24 18:25:57] [INFO]: GET /api/projects
[2026-09-24 18:25:58] [INFO]: GET /api/projects/6ab51a901eb38d253825b02a
[2026-09-24 18:25:58] [INFO]: GET /api/assets?projectId=6ab51a901eb38d253825b02a
[2026-09-24 18:25:58] [INFO]: GET /api/projects/6ab51a901eb38d253825b02a
[2026-09-24 18:25:58] [INFO]: GET /api/assets?projectId=6ab51a901eb38d253825b02a
[2026-09-24 18:28:54] [INFO]: POST /api/assets
[2026-09-24 18:30:47] [INFO]: POST /api/assets
[2026-09-24 18:31:45] [INFO]: POST /api/assets
[2026-09-24 18:32:45] [INFO]: MongoDB Connected: localhost
[2026-09-24 18:32:45] [INFO]: MongoDB connection initialized
[2026-09-24 18:32:45] [INFO]: Server is running on port 5000
[2026-09-24 18:33:19] [INFO]: POST /api/assets/upload
[2026-09-24 18:33:21] [INFO]: GET /api/projects/6ab51a901eb38d253825b02a
[2026-09-24 18:33:21] [INFO]: GET /api/assets?projectId=6ab51a901eb38d253825b02a
[2026-09-24 18:34:52] [INFO]: GET /api/assets
[2026-09-24 18:34:52] [INFO]: GET /api/assets
[2026-09-24 18:35:10] [INFO]: GET /api/projects
[2026-09-24 18:35:10] [INFO]: GET /api/projects
[2026-09-24 18:35:12] [INFO]: GET /api/projects/6ab51a901eb38d253825b02a
[2026-09-24 18:35:12] [INFO]: GET /api/assets?projectId=6ab51a901eb38d253825b02a
[2026-09-24 18:35:12] [INFO]: GET /api/projects/6ab51a901eb38d253825b02a
[2026-09-24 18:35:12] [INFO]: GET /api/assets?projectId=6ab51a901eb38d253825b02a
[2026-09-24 18:35:14] [INFO]: GET /api/projects
[2026-09-24 18:35:14] [INFO]: GET /api/projects
[2026-09-24 18:35:18] [INFO]: GET /api/projects
[2026-09-24 18:35:18] [INFO]: GET /api/projects
[2026-09-24 18:35:19] [INFO]: GET /api/projects/6ab51a901eb38d253825b02a
[2026-09-24 18:35:19] [INFO]: GET /api/assets?projectId=6ab51a901eb38d253825b02a
[2026-09-24 18:35:19] [INFO]: GET /api/projects/6ab51a901eb38d253825b02a
[2026-09-24 18:35:19] [INFO]: GET /api/assets?projectId=6ab51a901eb38d253825b02a
[2026-09-24 18:35:22] [INFO]: GET /api/projects
[2026-09-24 18:35:22] [INFO]: GET /api/projects
[2026-09-24 18:35:40] [INFO]: MongoDB Connected: localhost
[2026-09-24 18:35:41] [INFO]: MongoDB connection initialized
[2026-09-24 18:35:41] [INFO]: Server is running on port 5000
[2026-09-24 18:36:27] [INFO]: GET /api/projects/6ab51a901eb38d253825b02a
[2026-09-24 18:36:27] [INFO]: GET /api/assets?projectId=6ab51a901eb38d253825b02a
[2026-09-24 18:36:27] [INFO]: [Asset Controller] Fetching assets {"filter":{"projectId":"6ab51a901eb38d253825b02a"}}
[2026-09-24 18:36:27] [INFO]: GET /api/projects/6ab51a901eb38d253825b02a
[2026-09-24 18:36:27] [INFO]: GET /api/assets?projectId=6ab51a901eb38d253825b02a
[2026-09-24 18:36:27] [INFO]: [Asset Controller] Fetching assets {"filter":{"projectId":"6ab51a901eb38d253825b02a"}}
[2026-09-24 18:36:32] [INFO]: POST /api/assets/upload
[2026-09-24 18:36:32] [INFO]: [Asset Controller] Upload requested {"projectId":"6ab51a901eb38d253825b02a","filename":"download.jpg"}
[2026-09-24 18:36:34] [INFO]: GET /api/projects/6ab51a901eb38d253825b02a
[2026-09-24 18:36:34] [INFO]: GET /api/assets?projectId=6ab51a901eb38d253825b02a
[2026-09-24 18:36:34] [INFO]: [Asset Controller] Fetching assets {"filter":{"projectId":"6ab51a901eb38d253825b02a"}}
[2026-09-24 18:37:15] [INFO]: MongoDB Connected: localhost
[2026-09-24 18:37:15] [INFO]: MongoDB connection initialized
[2026-09-24 18:37:15] [INFO]: Server is running on port 5000
[2026-09-24 18:41:24] [INFO]: MongoDB Connected: localhost
